// Jest Snapshot v1, https://goo.gl/fbAQLP

exports[`App renders without crashing 1`] = `ShallowWrapper {}`;

exports[`Application renders without crashing 1`] = `ShallowWrapper {}`;
